Archive member included to satisfy reference by file (symbol)

c:/mingw/gcc-arm-none-eabi-10.3-2021.10/bin/../lib/gcc/arm-none-eabi/10.3.1/../../../../arm-none-eabi/lib/thumb/v7-m/nofp\libg.a(lib_a-errno.o)
                              CMakeFiles/Motor.elf.dir/Core/Src/syscalls.c.obj (__errno)
c:/mingw/gcc-arm-none-eabi-10.3-2021.10/bin/../lib/gcc/arm-none-eabi/10.3.1/../../../../arm-none-eabi/lib/thumb/v7-m/nofp\libg.a(lib_a-exit.o)
                              c:/mingw/gcc-arm-none-eabi-10.3-2021.10/bin/../lib/gcc/arm-none-eabi/10.3.1/../../../../arm-none-eabi/lib/thumb/v7-m/nofp/crt0.o (exit)
c:/mingw/gcc-arm-none-eabi-10.3-2021.10/bin/../lib/gcc/arm-none-eabi/10.3.1/../../../../arm-none-eabi/lib/thumb/v7-m/nofp\libg.a(lib_a-impure.o)
                              c:/mingw/gcc-arm-none-eabi-10.3-2021.10/bin/../lib/gcc/arm-none-eabi/10.3.1/../../../../arm-none-eabi/lib/thumb/v7-m/nofp\libg.a(lib_a-exit.o) (_global_impure_ptr)
c:/mingw/gcc-arm-none-eabi-10.3-2021.10/bin/../lib/gcc/arm-none-eabi/10.3.1/../../../../arm-none-eabi/lib/thumb/v7-m/nofp\libg.a(lib_a-init.o)
                              c:/mingw/gcc-arm-none-eabi-10.3-2021.10/bin/../lib/gcc/arm-none-eabi/10.3.1/../../../../arm-none-eabi/lib/thumb/v7-m/nofp/crt0.o (__libc_init_array)
c:/mingw/gcc-arm-none-eabi-10.3-2021.10/bin/../lib/gcc/arm-none-eabi/10.3.1/../../../../arm-none-eabi/lib/thumb/v7-m/nofp\libg.a(lib_a-memset.o)
                              c:/mingw/gcc-arm-none-eabi-10.3-2021.10/bin/../lib/gcc/arm-none-eabi/10.3.1/../../../../arm-none-eabi/lib/thumb/v7-m/nofp/crt0.o (memset)
c:/mingw/gcc-arm-none-eabi-10.3-2021.10/bin/../lib/gcc/arm-none-eabi/10.3.1/../../../../arm-none-eabi/lib/thumb/v7-m/nofp\libg.a(lib_a-__call_atexit.o)
                              c:/mingw/gcc-arm-none-eabi-10.3-2021.10/bin/../lib/gcc/arm-none-eabi/10.3.1/../../../../arm-none-eabi/lib/thumb/v7-m/nofp\libg.a(lib_a-exit.o) (__call_exitprocs)
c:/mingw/gcc-arm-none-eabi-10.3-2021.10/bin/../lib/gcc/arm-none-eabi/10.3.1/../../../../arm-none-eabi/lib/thumb/v7-m/nofp\libg.a(lib_a-atexit.o)
                              c:/mingw/gcc-arm-none-eabi-10.3-2021.10/bin/../lib/gcc/arm-none-eabi/10.3.1/../../../../arm-none-eabi/lib/thumb/v7-m/nofp\libg.a(lib_a-__call_atexit.o) (atexit)
c:/mingw/gcc-arm-none-eabi-10.3-2021.10/bin/../lib/gcc/arm-none-eabi/10.3.1/../../../../arm-none-eabi/lib/thumb/v7-m/nofp\libg.a(lib_a-fini.o)
                              c:/mingw/gcc-arm-none-eabi-10.3-2021.10/bin/../lib/gcc/arm-none-eabi/10.3.1/../../../../arm-none-eabi/lib/thumb/v7-m/nofp\libg.a(lib_a-__call_atexit.o) (__libc_fini_array)
c:/mingw/gcc-arm-none-eabi-10.3-2021.10/bin/../lib/gcc/arm-none-eabi/10.3.1/../../../../arm-none-eabi/lib/thumb/v7-m/nofp\libg.a(lib_a-lock.o)
                              c:/mingw/gcc-arm-none-eabi-10.3-2021.10/bin/../lib/gcc/arm-none-eabi/10.3.1/../../../../arm-none-eabi/lib/thumb/v7-m/nofp\libg.a(lib_a-__call_atexit.o) (__retarget_lock_acquire_recursive)
c:/mingw/gcc-arm-none-eabi-10.3-2021.10/bin/../lib/gcc/arm-none-eabi/10.3.1/../../../../arm-none-eabi/lib/thumb/v7-m/nofp\libg.a(lib_a-__atexit.o)
                              c:/mingw/gcc-arm-none-eabi-10.3-2021.10/bin/../lib/gcc/arm-none-eabi/10.3.1/../../../../arm-none-eabi/lib/thumb/v7-m/nofp\libg.a(lib_a-atexit.o) (__register_exitproc)

Discarded input sections

 .text          0x00000000        0x0 c:/mingw/gcc-arm-none-eabi-10.3-2021.10/bin/../lib/gcc/arm-none-eabi/10.3.1/thumb/v7-m/nofp/crti.o
 .data          0x00000000        0x0 c:/mingw/gcc-arm-none-eabi-10.3-2021.10/bin/../lib/gcc/arm-none-eabi/10.3.1/thumb/v7-m/nofp/crti.o
 .bss           0x00000000        0x0 c:/mingw/gcc-arm-none-eabi-10.3-2021.10/bin/../lib/gcc/arm-none-eabi/10.3.1/thumb/v7-m/nofp/crti.o
 .data          0x00000000        0x4 c:/mingw/gcc-arm-none-eabi-10.3-2021.10/bin/../lib/gcc/arm-none-eabi/10.3.1/thumb/v7-m/nofp/crtbegin.o
 .rodata        0x00000000       0x24 c:/mingw/gcc-arm-none-eabi-10.3-2021.10/bin/../lib/gcc/arm-none-eabi/10.3.1/thumb/v7-m/nofp/crtbegin.o
 .text          0x00000000       0x7c c:/mingw/gcc-arm-none-eabi-10.3-2021.10/bin/../lib/gcc/arm-none-eabi/10.3.1/../../../../arm-none-eabi/lib/thumb/v7-m/nofp/crt0.o
 .data          0x00000000        0x0 c:/mingw/gcc-arm-none-eabi-10.3-2021.10/bin/../lib/gcc/arm-none-eabi/10.3.1/../../../../arm-none-eabi/lib/thumb/v7-m/nofp/crt0.o
 .bss           0x00000000        0x0 c:/mingw/gcc-arm-none-eabi-10.3-2021.10/bin/../lib/gcc/arm-none-eabi/10.3.1/../../../../arm-none-eabi/lib/thumb/v7-m/nofp/crt0.o
 .ARM.extab     0x00000000        0x0 c:/mingw/gcc-arm-none-eabi-10.3-2021.10/bin/../lib/gcc/arm-none-eabi/10.3.1/../../../../arm-none-eabi/lib/thumb/v7-m/nofp/crt0.o
 .ARM.exidx     0x00000000       0x10 c:/mingw/gcc-arm-none-eabi-10.3-2021.10/bin/../lib/gcc/arm-none-eabi/10.3.1/../../../../arm-none-eabi/lib/thumb/v7-m/nofp/crt0.o
 .ARM.attributes
[...]
Memory Configuration

Name             Origin             Length             Attributes
RAM              0x20000000         0x00010000         xrw
FLASH            0x08000000         0x00080000         xr
*default*        0x00000000         0xffffffff

Linker script and memory map

LOAD c:/mingw/gcc-arm-none-eabi-10.3-2021.10/bin/../lib/gcc/arm-none-eabi/10.3.1/thumb/v7-m/nofp/crti.o
LOAD c:/mingw/gcc-arm-none-eabi-10.3-2021.10/bin/../lib/gcc/arm-none-eabi/10.3.1/thumb/v7-m/nofp/crtbegin.o
LOAD c:/mingw/gcc-arm-none-eabi-10.3-2021.10/bin/../lib/gcc/arm-none-eabi/10.3.1/../../../../arm-none-eabi/lib/thumb/v7-m/nofp/crt0.o
LOAD CMakeFiles/Motor.elf.dir/Core/Src/TB6600.c.obj
LOAD CMakeFiles/Motor.elf.dir/Core/Src/gpio.c.obj
LOAD CMakeFiles/Motor.elf.dir/Core/Src/main.c.obj
LOAD CMakeFiles/Motor.elf.dir/Core/Src/stm32f1xx_hal_msp.c.obj
LOAD CMakeFiles/Motor.elf.dir/Core/Src/stm32f1xx_it.c.obj
LOAD CMakeFiles/Motor.elf.dir/Core/Src/syscalls.c.obj
LOAD CMakeFiles/Motor.elf.dir/Core/Src/sysmem.c.obj
LOAD CMakeFiles/Motor.elf.dir/Core/Src/system_stm32f1xx.c.obj
LOAD CMakeFiles/Motor.elf.dir/Core/Src/tim.c.obj
LOAD CMakeFiles/Motor.elf.dir/Core/Startup/startup_stm32f103zetx.s.obj
LOAD CMakeFiles/Motor.elf.dir/Drivers/STM32F1xx_HAL_Driver/Src/stm32f1xx_hal.c.obj
LOAD CMakeFiles/Motor.elf.dir/Drivers/STM32F1xx_HAL_Driver/Src/stm32f1xx_hal_cortex.c.obj
LOAD CMakeFiles/Motor.elf.dir/Drivers/STM32F1xx_HAL_Driver/Src/stm32f1xx_hal_dma.c.obj
LOAD CMakeFiles/Motor.elf.dir/Drivers/STM32F1xx_HAL_Driver/Src/stm32f1xx_hal_exti.c.obj
LOAD CMakeFiles/Motor.elf.dir/Drivers/STM32F1xx_HAL_Driver/Src/stm32f1xx_hal_flash.c.obj
LOAD CMakeFiles/Motor.elf.dir/Drivers/STM32F1xx_HAL_Driver/Src/stm32f1xx_hal_flash_ex.c.obj
LOAD CMakeFiles/Motor.elf.dir/Drivers/STM32F1xx_HAL_Driver/Src/stm32f1xx_hal_gpio.c.obj
LOAD CMakeFiles/Motor.elf.dir/Drivers/STM32F1xx_HAL_Driver/Src/stm32f1xx_hal_gpio_ex.c.obj
LOAD CMakeFiles/Motor.elf.dir/Drivers/STM32F1xx_HAL_Driver/Src/stm32f1xx_hal_pwr.c.obj
LOAD CMakeFiles/Motor.elf.dir/Drivers/STM32F1xx_HAL_Driver/Src/stm32f1xx_hal_rcc.c.obj
LOAD CMakeFiles/Motor.elf.dir/Drivers/STM32F1xx_HAL_Driver/Src/stm32f1xx_hal_rcc_ex.c.obj
LOAD CMakeFiles/Motor.elf.dir/Drivers/STM32F1xx_HAL_Driver/Src/stm32f1xx_hal_tim.c.obj
LOAD CMakeFiles/Motor.elf.dir/Drivers/STM32F1xx_HAL_Driver/Src/stm32f1xx_hal_tim_ex.c.obj
START GROUP
LOAD c:/mingw/gcc-arm-none-eabi-10.3-2021.10/bin/../lib/gcc/arm-none-eabi/10.3.1/thumb/v7-m/nofp\libgcc.a
LOAD c:/mingw/gcc-arm-none-eabi-10.3-2021.10/bin/../lib/gcc/arm-none-eabi/10.3.1/../../../../arm-none-eabi/lib/thumb/v7-m/nofp\libg.a
LOAD c:/mingw/gcc-arm-none-eabi-10.3-2021.10/bin/../lib/gcc/arm-none-eabi/10.3.1/../../../../arm-none-eabi/lib/thumb/v7-m/nofp\libc.a
END GROUP
LOAD c:/mingw/gcc-arm-none-eabi-10.3-2021.10/bin/../lib/gcc/arm-none-eabi/10.3.1/thumb/v7-m/nofp/crtend.o
LOAD c:/mingw/gcc-arm-none-eabi-10.3-2021.10/bin/../lib/gcc/arm-none-eabi/10.3.1/thumb/v7-m/nofp/crtn.o
                0x20010000                _estack = (ORIGIN (RAM) + LENGTH (RAM))
                0x00000200                _Min_Heap_Size = 0x200
                0x00000400                _Min_Stack_Size = 0x400

.isr_vector     0x08000000      0x1e4
                0x08000000                . = ALIGN (0x4)
 *(.isr_vector)
 .isr_vector    0x08000000      0x1e4 CMakeFiles/Motor.elf.dir/Core/Startup/startup_stm32f103zetx.s.obj
                0x08000000                g_pfnVectors
                0x080001e4                . = ALIGN (0x4)

.text           0x080001e4     0x1788
                0x080001e4                . = ALIGN (0x4)
 *(.text)
 .text          0x080001e4       0x40 c:/mingw/gcc-arm-none-eabi-10.3-2021.10/bin/../lib/gcc/arm-none-eabi/10.3.1/thumb/v7-m/nofp/crtbegin.o
 *(.text*)
 .text.HAL_TIM_OC_DelayElapsedCallback
                0x08000224       0x30 CMakeFiles/Motor.elf.dir/Core/Src/TB6600.c.obj
                0x08000224                HAL_TIM_OC_DelayElapsedCallback
 .text.MX_GPIO_Init
                0x08000254       0x64 CMakeFiles/Motor.elf.dir/Core/Src/gpio.c.obj
                0x08000254                MX_GPIO_Init
 .text.Error_Handler
                0x080002b8        0x4 CMakeFiles/Motor.elf.dir/Core/Src/main.c.obj
                0x080002b8                Error_Handler
 .text.SystemClock_Config
                0x080002bc       0x5a CMakeFiles/Motor.elf.dir/Core/Src/main.c.obj
                0x080002bc                SystemClock_Config
 *fill*         0x08000316        0x2 
 .text.main     0x08000318       0x20 CMakeFiles/Motor.elf.dir/Core/Src/main.c.obj
                0x08000318                main
 .text.HAL_MspInit
                0x08000338       0x44 CMakeFiles/Motor.elf.dir/Core/Src/stm32f1xx_hal_msp.c.obj
                0x08000338                HAL_MspInit
 .text.NMI_Handler
                0x0800037c        0x2 CMakeFiles/Motor.elf.dir/Core/Src/stm32f1xx_it.c.obj
                0x0800037c                NMI_Handler
 .text.HardFault_Handler
                0x0800037e        0x2 CMakeFiles/Motor.elf.dir/Core/Src/stm32f1xx_it.c.obj
                0x0800037e                HardFault_Handler
 .text.MemManage_Handler
                0x08000380        0x2 CMakeFiles/Motor.elf.dir/Core/Src/stm32f1xx_it.c.obj
                0x08000380                MemManage_Handler
 .text.BusFault_Handler
                0x08000382        0x2 CMakeFiles/Motor.elf.dir/Core/Src/stm32f1xx_it.c.obj
                0x08000382                BusFault_Handler
 .text.UsageFault_Handler
                0x08000384        0x2 CMakeFiles/Motor.elf.dir/Core/Src/stm32f1xx_it.c.obj
                0x08000384                UsageFault_Handler
 .text.SVC_Handler
                0x08000386        0x2 CMakeFiles/Motor.elf.dir/Core/Src/stm32f1xx_it.c.obj
                0x08000386                SVC_Handler
 .text.DebugMon_Handler
                0x08000388        0x2 CMakeFiles/Motor.elf.dir/Core/Src/stm32f1xx_it.c.obj
                0x08000388                DebugMon_Handler
 .text.PendSV_Handler
                0x0800038a        0x2 CMakeFiles/Motor.elf.dir/Core/Src/stm32f1xx_it.c.obj
                0x0800038a                PendSV_Handler
 .text.SysTick_Handler
                0x0800038c        0x8 CMakeFiles/Motor.elf.dir/Core/Src/stm32f1xx_it.c.obj
                0x0800038c                SysTick_Handler
 .text.TIM1_CC_IRQHandler
                0x08000394       0x10 CMakeFiles/Motor.elf.dir/Core/Src/stm32f1xx_it.c.obj
                0x08000394                TIM1_CC_IRQHandler
 .text.SystemInit
                0x080003a4        0x2 CMakeFiles/Motor.elf.dir/Core/Src/system_stm32f1xx.c.obj
                0x080003a4                SystemInit
 *fill*         0x080003a6        0x2 
 .text.HAL_TIM_Base_MspInit
                0x080003a8       0x40 CMakeFiles/Motor.elf.dir/Core/Src/tim.c.obj
                0x080003a8                HAL_TIM_Base_MspInit
 .text.HAL_TIM_MspPostInit
                0x080003e8       0x64 CMakeFiles/Motor.elf.dir/Core/Src/tim.c.obj
                0x080003e8                HAL_TIM_MspPostInit
 .text.MX_TIM1_Init
                0x0800044c       0xf0 CMakeFiles/Motor.elf.dir/Core/Src/tim.c.obj
                0x0800044c                MX_TIM1_Init
 .text.Reset_Handler
                0x0800053c       0x48 CMakeFiles/Motor.elf.dir/Core/Startup/startup_stm32f103zetx.s.obj
                0x0800053c                Reset_Handler
 .text.Default_Handler
                0x08000584        0x2 CMakeFiles/Motor.elf.dir/Core/Startup/startup_stm32f103zetx.s.obj
                0x08000584                RTC_Alarm_IRQHandler
                0x08000584                EXTI2_IRQHandler
                0x08000584                TIM8_TRG_COM_IRQHandler
                0x08000584                TIM8_CC_IRQHandler
                0x08000584                TIM6_IRQHandler
                0x08000584                PVD_IRQHandler
                0x08000584                SDIO_IRQHandler
                0x08000584                EXTI3_IRQHandler
                0x08000584                EXTI0_IRQHandler
                0x08000584                I2C2_EV_IRQHandler
                0x08000584                ADC1_2_IRQHandler
                0x08000584                SPI1_IRQHandler
                0x08000584                TAMPER_IRQHandler
                0x08000584                TIM8_UP_IRQHandler
                0x08000584                DMA2_Channel2_IRQHandler
                0x08000584                DMA1_Channel4_IRQHandler
                0x08000584                USART3_IRQHandler
                0x08000584                RTC_IRQHandler
                0x08000584                DMA1_Channel7_IRQHandler
                0x08000584                CAN1_RX1_IRQHandler
                0x08000584                UART5_IRQHandler
                0x08000584                ADC3_IRQHandler
                0x08000584                TIM4_IRQHandler
                0x08000584                DMA2_Channel1_IRQHandler
                0x08000584                I2C1_EV_IRQHandler
                0x08000584                DMA1_Channel6_IRQHandler
                0x08000584                UART4_IRQHandler
                0x08000584                TIM3_IRQHandler
                0x08000584                RCC_IRQHandler
                0x08000584                TIM1_TRG_COM_IRQHandler
                0x08000584                DMA1_Channel1_IRQHandler
                0x08000584                Default_Handler
                0x08000584                EXTI15_10_IRQHandler
                0x08000584                TIM7_IRQHandler
                0x08000584                TIM5_IRQHandler
                0x08000584                EXTI9_5_IRQHandler
                0x08000584                SPI2_IRQHandler
                0x08000584                DMA1_Channel5_IRQHandler
                0x08000584                EXTI4_IRQHandler
                0x08000584                USB_LP_CAN1_RX0_IRQHandler
                0x08000584                USB_HP_CAN1_TX_IRQHandler
                0x08000584                DMA1_Channel3_IRQHandler
                0x08000584                FSMC_IRQHandler
                0x08000584                TIM1_UP_IRQHandler
                0x08000584                WWDG_IRQHandler
                0x08000584                TIM2_IRQHandler
                0x08000584                TIM1_BRK_IRQHandler
                0x08000584                EXTI1_IRQHandler
                0x08000584                DMA2_Channel4_5_IRQHandler
                0x08000584                USART2_IRQHandler
                0x08000584                I2C2_ER_IRQHandler
                0x08000584                DMA1_Channel2_IRQHandler
                0x08000584                TIM8_BRK_IRQHandler
                0x08000584                CAN1_SCE_IRQHandler
                0x08000584                FLASH_IRQHandler
                0x08000584                USART1_IRQHandler
                0x08000584                SPI3_IRQHandler
                0x08000584                I2C1_ER_IRQHandler
                0x08000584                USBWakeUp_IRQHandler
                0x08000584                DMA2_Channel3_IRQHandler
 *fill*         0x08000586        0x2 
 .text.HAL_InitTick
                0x08000588       0x4c CMakeFiles/Motor.elf.dir/Drivers/STM32F1xx_HAL_Driver/Src/stm32f1xx_hal.c.obj
                0x08000588                HAL_InitTick
 .text.HAL_Init
                0x080005d4       0x24 CMakeFiles/Motor.elf.dir/Drivers/STM32F1xx_HAL_Driver/Src/stm32f1xx_hal.c.obj
                0x080005d4                HAL_Init
 .text.HAL_IncTick
                0x080005f8       0x18 CMakeFiles/Motor.elf.dir/Drivers/STM32F1xx_HAL_Driver/Src/stm32f1xx_hal.c.obj
                0x080005f8                HAL_IncTick
 .text.HAL_GetTick
                0x08000610        0xc CMakeFiles/Motor.elf.dir/Drivers/STM32F1xx_HAL_Driver/Src/stm32f1xx_hal.c.obj
                0x08000610                HAL_GetTick
 .text.HAL_NVIC_SetPriorityGrouping
                0x0800061c       0x24 CMakeFiles/Motor.elf.dir/Drivers/STM32F1xx_HAL_Driver/Src/stm32f1xx_hal_cortex.c.obj
                0x0800061c                HAL_NVIC_SetPriorityGrouping
 .text.HAL_NVIC_SetPriority
                0x08000640       0x70 CMakeFiles/Motor.elf.dir/Drivers/STM32F1xx_HAL_Driver/Src/stm32f1xx_hal_cortex.c.obj
                0x08000640                HAL_NVIC_SetPriority
 .text.HAL_NVIC_EnableIRQ
                0x080006b0       0x1c CMakeFiles/Motor.elf.dir/Drivers/STM32F1xx_HAL_Driver/Src/stm32f1xx_hal_cortex.c.obj
                0x080006b0                HAL_NVIC_EnableIRQ
 .text.HAL_SYSTICK_Config
                0x080006cc       0x28 CMakeFiles/Motor.elf.dir/Drivers/STM32F1xx_HAL_Driver/Src/stm32f1xx_hal_cortex.c.obj
                0x080006cc                HAL_SYSTICK_Config
 .text.HAL_GPIO_Init
                0x080006f4      0x240 CMakeFiles/Motor.elf.dir/Drivers/STM32F1xx_HAL_Driver/Src/stm32f1xx_hal_gpio.c.obj
                0x080006f4                HAL_GPIO_Init
 .text.HAL_GPIO_WritePin
                0x08000934        0xc CMakeFiles/Motor.elf.dir/Drivers/STM32F1xx_HAL_Driver/Src/stm32f1xx_hal_gpio.c.obj
                0x08000934                HAL_GPIO_WritePin
 .text.RCC_Delay
                0x08000940       0x2c CMakeFiles/Motor.elf.dir/Drivers/STM32F1xx_HAL_Driver/Src/stm32f1xx_hal_rcc.c.obj
 .text.HAL_RCC_OscConfig
                0x0800096c      0x410 CMakeFiles/Motor.elf.dir/Drivers/STM32F1xx_HAL_Driver/Src/stm32f1xx_hal_rcc.c.obj
                0x0800096c                HAL_RCC_OscConfig
 .text.HAL_RCC_GetSysClockFreq
                0x08000d7c       0x70 CMakeFiles/Motor.elf.dir/Drivers/STM32F1xx_HAL_Driver/Src/stm32f1xx_hal_rcc.c.obj
                0x08000d7c                HAL_RCC_GetSysClockFreq
 .text.HAL_RCC_ClockConfig
                0x08000dec      0x16c CMakeFiles/Motor.elf.dir/Drivers/STM32F1xx_HAL_Driver/Src/stm32f1xx_hal_rcc.c.obj
                0x08000dec                HAL_RCC_ClockConfig
 .text.TIM_OC1_SetConfig
                0x08000f58       0x68 CMakeFiles/Motor.elf.dir/Drivers/STM32F1xx_HAL_Driver/Src/stm32f1xx_hal_tim.c.obj
 .text.TIM_OC3_SetConfig
                0x08000fc0       0x70 CMakeFiles/Motor.elf.dir/Drivers/STM32F1xx_HAL_Driver/Src/stm32f1xx_hal_tim.c.obj
 .text.TIM_OC4_SetConfig
                0x08001030       0x50 CMakeFiles/Motor.elf.dir/Drivers/STM32F1xx_HAL_Driver/Src/stm32f1xx_hal_tim.c.obj
 .text.TIM_TI1_ConfigInputStage
                0x08001080       0x24 CMakeFiles/Motor.elf.dir/Drivers/STM32F1xx_HAL_Driver/Src/stm32f1xx_hal_tim.c.obj
 .text.TIM_TI2_ConfigInputStage
                0x080010a4       0x26 CMakeFiles/Motor.elf.dir/Drivers/STM32F1xx_HAL_Driver/Src/stm32f1xx_hal_tim.c.obj
 .text.TIM_ITRx_SetConfig
                0x080010ca       0x10 CMakeFiles/Motor.elf.dir/Drivers/STM32F1xx_HAL_Driver/Src/stm32f1xx_hal_tim.c.obj
 .text.HAL_TIM_OC_MspInit
                0x080010da        0x2 CMakeFiles/Motor.elf.dir/Drivers/STM32F1xx_HAL_Driver/Src/stm32f1xx_hal_tim.c.obj
                0x080010da                HAL_TIM_OC_MspInit
 .text.HAL_TIM_PeriodElapsedCallback
                0x080010dc        0x2 CMakeFiles/Motor.elf.dir/Drivers/STM32F1xx_HAL_Driver/Src/stm32f1xx_hal_tim.c.obj
                0x080010dc                HAL_TIM_PeriodElapsedCallback
 .text.HAL_TIM_IC_CaptureCallback
                0x080010de        0x2 CMakeFiles/Motor.elf.dir/Drivers/STM32F1xx_HAL_Driver/Src/stm32f1xx_hal_tim.c.obj
                0x080010de                HAL_TIM_IC_CaptureCallback
 .text.HAL_TIM_PWM_PulseFinishedCallback
                0x080010e0        0x2 CMakeFiles/Motor.elf.dir/Drivers/STM32F1xx_HAL_Driver/Src/stm32f1xx_hal_tim.c.obj
                0x080010e0                HAL_TIM_PWM_PulseFinishedCallback
 .text.HAL_TIM_TriggerCallback
                0x080010e2        0x2 CMakeFiles/Motor.elf.dir/Drivers/STM32F1xx_HAL_Driver/Src/stm32f1xx_hal_tim.c.obj
                0x080010e2                HAL_TIM_TriggerCallback
 .text.HAL_TIM_IRQHandler
                0x080010e4      0x17a CMakeFiles/Motor.elf.dir/Drivers/STM32F1xx_HAL_Driver/Src/stm32f1xx_hal_tim.c.obj
                0x080010e4                HAL_TIM_IRQHandler
 *fill*         0x0800125e        0x2 
 .text.TIM_Base_SetConfig
                0x08001260       0x98 CMakeFiles/Motor.elf.dir/Drivers/STM32F1xx_HAL_Driver/Src/stm32f1xx_hal_tim.c.obj
                0x08001260                TIM_Base_SetConfig
 .text.HAL_TIM_Base_Init
                0x080012f8       0x58 CMakeFiles/Motor.elf.dir/Drivers/STM32F1xx_HAL_Driver/Src/stm32f1xx_hal_tim.c.obj
                0x080012f8                HAL_TIM_Base_Init
 .text.HAL_TIM_OC_Init
                0x08001350       0x58 CMakeFiles/Motor.elf.dir/Drivers/STM32F1xx_HAL_Driver/Src/stm32f1xx_hal_tim.c.obj
                0x08001350                HAL_TIM_OC_Init
 .text.TIM_OC2_SetConfig
                0x080013a8       0x70 CMakeFiles/Motor.elf.dir/Drivers/STM32F1xx_HAL_Driver/Src/stm32f1xx_hal_tim.c.obj
                0x080013a8                TIM_OC2_SetConfig
 .text.HAL_TIM_OC_ConfigChannel
                0x08001418       0x52 CMakeFiles/Motor.elf.dir/Drivers/STM32F1xx_HAL_Driver/Src/stm32f1xx_hal_tim.c.obj
                0x08001418                HAL_TIM_OC_ConfigChannel
 .text.TIM_ETR_SetConfig
                0x0800146a       0x18 CMakeFiles/Motor.elf.dir/Drivers/STM32F1xx_HAL_Driver/Src/stm32f1xx_hal_tim.c.obj
                0x0800146a                TIM_ETR_SetConfig
 .text.HAL_TIM_ConfigClockSource
                0x08001482       0xda CMakeFiles/Motor.elf.dir/Drivers/STM32F1xx_HAL_Driver/Src/stm32f1xx_hal_tim.c.obj
                0x08001482                HAL_TIM_ConfigClockSource
 .text.TIM_CCxChannelCmd
                0x0800155c       0x1e CMakeFiles/Motor.elf.dir/Drivers/STM32F1xx_HAL_Driver/Src/stm32f1xx_hal_tim.c.obj
                0x0800155c                TIM_CCxChannelCmd
 *fill*         0x0800157a        0x2 
 .text.HAL_TIM_OC_Start_IT
                0x0800157c      0x138 CMakeFiles/Motor.elf.dir/Drivers/STM32F1xx_HAL_Driver/Src/stm32f1xx_hal_tim.c.obj
                0x0800157c                HAL_TIM_OC_Start_IT
 .text.HAL_TIMEx_MasterConfigSynchronization
                0x080016b4       0x7c CMakeFiles/Motor.elf.dir/Drivers/STM32F1xx_HAL_Driver/Src/stm32f1xx_hal_tim_ex.c.obj
                0x080016b4                HAL_TIMEx_MasterConfigSynchronization
 .text.HAL_TIMEx_ConfigBreakDeadTime
                0x08001730       0x52 CMakeFiles/Motor.elf.dir/Drivers/STM32F1xx_HAL_Driver/Src/stm32f1xx_hal_tim_ex.c.obj
                0x08001730                HAL_TIMEx_ConfigBreakDeadTime
 .text.HAL_TIMEx_CommutCallback
                0x08001782        0x2 CMakeFiles/Motor.elf.dir/Drivers/STM32F1xx_HAL_Driver/Src/stm32f1xx_hal_tim_ex.c.obj
                0x08001782                HAL_TIMEx_CommutCallback
 .text.HAL_TIMEx_BreakCallback
                0x08001784        0x2 CMakeFiles/Motor.elf.dir/Drivers/STM32F1xx_HAL_Driver/Src/stm32f1xx_hal_tim_ex.c.obj
                0x08001784                HAL_TIMEx_BreakCallback
 *fill*         0x08001786        0x2 
 .text.__libc_init_array
                0x08001788       0x48 c:/mingw/gcc-arm-none-eabi-10.3-2021.10/bin/../lib/gcc/arm-none-eabi/10.3.1/../../../../arm-none-eabi/lib/thumb/v7-m/nofp\libg.a(lib_a-init.o)
                0x08001788                __libc_init_array
 .text.memset   0x080017d0       0xa4 c:/mingw/gcc-arm-none-eabi-10.3-2021.10/bin/../lib/gcc/arm-none-eabi/10.3.1/../../../../arm-none-eabi/lib/thumb/v7-m/nofp\libg.a(lib_a-memset.o)
                0x080017d0                memset
 .text.startup.register_fini
                0x08001874       0x14 c:/mingw/gcc-arm-none-eabi-10.3-2021.10/bin/../lib/gcc/arm-none-eabi/10.3.1/../../../../arm-none-eabi/lib/thumb/v7-m/nofp\libg.a(lib_a-__call_atexit.o)
 .text.atexit   0x08001888        0xc c:/mingw/gcc-arm-none-eabi-10.3-2021.10/bin/../lib/gcc/arm-none-eabi/10.3.1/../../../../arm-none-eabi/lib/thumb/v7-m/nofp\libg.a(lib_a-atexit.o)
                0x08001888                atexit
 .text.__libc_fini_array
                0x08001894       0x2c c:/mingw/gcc-arm-none-eabi-10.3-2021.10/bin/../lib/gcc/arm-none-eabi/10.3.1/../../../../arm-none-eabi/lib/thumb/v7-m/nofp\libg.a(lib_a-fini.o)
                0x08001894                __libc_fini_array
 .text.__retarget_lock_acquire_recursive
                0x080018c0        0x4 c:/mingw/gcc-arm-none-eabi-10.3-2021.10/bin/../lib/gcc/arm-none-eabi/10.3.1/../../../../arm-none-eabi/lib/thumb/v7-m/nofp\libg.a(lib_a-lock.o)
                0x080018c0                __retarget_lock_acquire_recursive
 .text.__retarget_lock_release_recursive
                0x080018c4        0x4 c:/mingw/gcc-arm-none-eabi-10.3-2021.10/bin/../lib/gcc/arm-none-eabi/10.3.1/../../../../arm-none-eabi/lib/thumb/v7-m/nofp\libg.a(lib_a-lock.o)
                0x080018c4                __retarget_lock_release_recursive
 .text.__register_exitproc
                0x080018c8       0x8c c:/mingw/gcc-arm-none-eabi-10.3-2021.10/bin/../lib/gcc/arm-none-eabi/10.3.1/../../../../arm-none-eabi/lib/thumb/v7-m/nofp\libg.a(lib_a-__atexit.o)
                0x080018c8                __register_exitproc
 *(.glue_7)
 .glue_7        0x08001954        0x0 linker stubs
 *(.glue_7t)
 .glue_7t       0x08001954        0x0 linker stubs
 *(.eh_frame)
 .eh_frame      0x08001954        0x0 c:/mingw/gcc-arm-none-eabi-10.3-2021.10/bin/../lib/gcc/arm-none-eabi/10.3.1/thumb/v7-m/nofp/crtbegin.o
 *(.init)
 .init          0x08001954        0x4 c:/mingw/gcc-arm-none-eabi-10.3-2021.10/bin/../lib/gcc/arm-none-eabi/10.3.1/thumb/v7-m/nofp/crti.o
                0x08001954                _init
 .init          0x08001958        0x8 c:/mingw/gcc-arm-none-eabi-10.3-2021.10/bin/../lib/gcc/arm-none-eabi/10.3.1/thumb/v7-m/nofp/crtn.o
 *(.fini)
 .fini          0x08001960        0x4 c:/mingw/gcc-arm-none-eabi-10.3-2021.10/bin/../lib/gcc/arm-none-eabi/10.3.1/thumb/v7-m/nofp/crti.o
                0x08001960                _fini
 .fini          0x08001964        0x8 c:/mingw/gcc-arm-none-eabi-10.3-2021.10/bin/../lib/gcc/arm-none-eabi/10.3.1/thumb/v7-m/nofp/crtn.o
                0x0800196c                . = ALIGN (0x4)
                0x0800196c                _etext = .

.vfp11_veneer   0x0800196c        0x0
 .vfp11_veneer  0x0800196c        0x0 linker stubs

.v4_bx          0x0800196c        0x0
 .v4_bx         0x0800196c        0x0 linker stubs

.iplt           0x0800196c        0x0
 .iplt          0x0800196c        0x0 c:/mingw/gcc-arm-none-eabi-10.3-2021.10/bin/../lib/gcc/arm-none-eabi/10.3.1/thumb/v7-m/nofp/crtbegin.o

.rodata         0x0800196c       0x28
                0x0800196c                . = ALIGN (0x4)
 *(.rodata)
 *(.rodata*)
 .rodata.AHBPrescTable
                0x0800196c       0x10 CMakeFiles/Motor.elf.dir/Core/Src/system_stm32f1xx.c.obj
                0x0800196c                AHBPrescTable
 .rodata.HAL_RCC_GetSysClockFreq.str1.4
                0x0800197c       0x11 CMakeFiles/Motor.elf.dir/Drivers/STM32F1xx_HAL_Driver/Src/stm32f1xx_hal_rcc.c.obj
 *fill*         0x0800198d        0x3 
 .rodata._global_impure_ptr
                0x08001990        0x4 c:/mingw/gcc-arm-none-eabi-10.3-2021.10/bin/../lib/gcc/arm-none-eabi/10.3.1/../../../../arm-none-eabi/lib/thumb/v7-m/nofp\libg.a(lib_a-impure.o)
                0x08001990                _global_impure_ptr
                0x08001994                . = ALIGN (0x4)

.rel.dyn        0x08001994        0x0
 .rel.iplt      0x08001994        0x0 c:/mingw/gcc-arm-none-eabi-10.3-2021.10/bin/../lib/gcc/arm-none-eabi/10.3.1/thumb/v7-m/nofp/crtbegin.o

.ARM.extab      0x08001994        0x0
                0x08001994                . = ALIGN (0x4)
 *(.ARM.extab* .gnu.linkonce.armextab.*)
                0x08001994                . = ALIGN (0x4)

.ARM            0x08001994        0x0
                0x08001994                . = ALIGN (0x4)
                0x08001994                __exidx_start = .
 *(.ARM.exidx*)
                0x08001994                __exidx_end = .
                0x08001994                . = ALIGN (0x4)

.preinit_array  0x08001994        0x0
                0x08001994                . = ALIGN (0x4)
                0x08001994                PROVIDE (__preinit_array_start = .)
 *(.preinit_array*)
                0x08001994                PROVIDE (__preinit_array_end = .)
                0x08001994                . = ALIGN (0x4)

.init_array     0x08001994        0x8
                0x08001994                . = ALIGN (0x4)
                0x08001994                PROVIDE (__init_array_start = .)
 *(SORT_BY_NAME(.init_array.*))
 .init_array.00000
                0x08001994        0x4 c:/mingw/gcc-arm-none-eabi-10.3-2021.10/bin/../lib/gcc/arm-none-eabi/10.3.1/../../../../arm-none-eabi/lib/thumb/v7-m/nofp\libg.a(lib_a-__call_atexit.o)
 *(.init_array*)
 .init_array    0x08001998        0x4 c:/mingw/gcc-arm-none-eabi-10.3-2021.10/bin/../lib/gcc/arm-none-eabi/10.3.1/thumb/v7-m/nofp/crtbegin.o
                0x0800199c                PROVIDE (__init_array_end = .)
                0x0800199c                . = ALIGN (0x4)

.fini_array     0x0800199c        0x4
                0x0800199c                . = ALIGN (0x4)
                0x0800199c                PROVIDE (__fini_array_start = .)
 *(SORT_BY_NAME(.fini_array.*))
 *(.fini_array*)
 .fini_array    0x0800199c        0x4 c:/mingw/gcc-arm-none-eabi-10.3-2021.10/bin/../lib/gcc/arm-none-eabi/10.3.1/thumb/v7-m/nofp/crtbegin.o
                0x080019a0                PROVIDE (__fini_array_end = .)
                0x080019a0                . = ALIGN (0x4)
                0x080019a0                _sidata = LOADADDR (.data)

.data           0x20000000      0x43c load address 0x080019a0
                0x20000000                . = ALIGN (0x4)
                0x20000000                _sdata = .
 *(.data)
 *(.data*)
 .data.SystemCoreClock
                0x20000000        0x4 CMakeFiles/Motor.elf.dir/Core/Src/system_stm32f1xx.c.obj
                0x20000000                SystemCoreClock
 .data.uwTickFreq
                0x20000004        0x1 CMakeFiles/Motor.elf.dir/Drivers/STM32F1xx_HAL_Driver/Src/stm32f1xx_hal.c.obj
                0x20000004                uwTickFreq
 *fill*         0x20000005        0x3 
 .data.uwTickPrio
                0x20000008        0x4 CMakeFiles/Motor.elf.dir/Drivers/STM32F1xx_HAL_Driver/Src/stm32f1xx_hal.c.obj
                0x20000008                uwTickPrio
 *fill*         0x2000000c        0x4 
 .data.impure_data
                0x20000010      0x428 c:/mingw/gcc-arm-none-eabi-10.3-2021.10/bin/../lib/gcc/arm-none-eabi/10.3.1/../../../../arm-none-eabi/lib/thumb/v7-m/nofp\libg.a(lib_a-impure.o)
 .data.__atexit_recursive_mutex
                0x20000438        0x4 c:/mingw/gcc-arm-none-eabi-10.3-2021.10/bin/../lib/gcc/arm-none-eabi/10.3.1/../../../../arm-none-eabi/lib/thumb/v7-m/nofp\libg.a(lib_a-__call_atexit.o)
                0x20000438                __atexit_recursive_mutex
 *(.RamFunc)
 *(.RamFunc*)
                0x2000043c                . = ALIGN (0x4)
                0x2000043c                _edata = .

.igot.plt       0x2000043c        0x0 load address 0x08001ddc
 .igot.plt      0x2000043c        0x0 c:/mingw/gcc-arm-none-eabi-10.3-2021.10/bin/../lib/gcc/arm-none-eabi/10.3.1/thumb/v7-m/nofp/crtbegin.o
                0x2000043c                . = ALIGN (0x4)

.bss            0x2000043c       0x6c load address 0x08001ddc
                0x2000043c                _sbss = .
                0x2000043c                __bss_start__ = _sbss
 *(.bss)
 .bss           0x2000043c       0x1c c:/mingw/gcc-arm-none-eabi-10.3-2021.10/bin/../lib/gcc/arm-none-eabi/10.3.1/thumb/v7-m/nofp/crtbegin.o
 *(.bss*)
 .bss.htim1     0x20000458       0x48 CMakeFiles/Motor.elf.dir/Core/Src/tim.c.obj
                0x20000458                htim1
 .bss.uwTick    0x200004a0        0x4 CMakeFiles/Motor.elf.dir/Drivers/STM32F1xx_HAL_Driver/Src/stm32f1xx_hal.c.obj
                0x200004a0                uwTick
 .bss.__lock___atexit_recursive_mutex
                0x200004a4        0x1 c:/mingw/gcc-arm-none-eabi-10.3-2021.10/bin/../lib/gcc/arm-none-eabi/10.3.1/../../../../arm-none-eabi/lib/thumb/v7-m/nofp\libg.a(lib_a-lock.o)
                0x200004a4                __lock___atexit_recursive_mutex
 *(COMMON)
                0x200004a8                . = ALIGN (0x4)
 *fill*         0x200004a5        0x3 
                0x200004a8                _ebss = .
                0x200004a8                __bss_end__ = _ebss

._user_heap_stack
                0x200004a8      0x600 load address 0x08001ddc
                0x200004a8                . = ALIGN (0x8)
                [!provide]                PROVIDE (end = .)
                0x200004a8                PROVIDE (_end = .)
                0x200006a8                . = (. + _Min_Heap_Size)
 *fill*         0x200004a8      0x200 
                0x20000aa8                . = (. + _Min_Stack_Size)
 *fill*         0x200006a8      0x400 
                0x20000aa8                . = ALIGN (0x8)

/DISCARD/
 libc.a(*)
 libm.a(*)
 libgcc.a(*)

.ARM.attributes
                0x00000000       0x29
 *(.ARM.attributes)
 .ARM.attributes
                0x00000000       0x1d c:/mingw/gcc-arm-none-eabi-10.3-2021.10/bin/../lib/gcc/arm-none-eabi/10.3.1/thumb/v7-m/nofp/crti.o
 .ARM.attributes
                0x0000001d       0x2d c:/mingw/gcc-arm-none-eabi-10.3-2021.10/bin/../lib/gcc/arm-none-eabi/10.3.1/thumb/v7-m/nofp/crtbegin.o
 .ARM.attributes
                0x0000004a       0x2d CMakeFiles/Motor.elf.dir/Core/Src/TB6600.c.obj
 .ARM.attributes
                0x00000077       0x2d CMakeFiles/Motor.elf.dir/Core/Src/gpio.c.obj
 .ARM.attributes
                0x000000a4       0x2d CMakeFiles/Motor.elf.dir/Core/Src/main.c.obj
 .ARM.attributes
                0x000000d1       0x2d CMakeFiles/Motor.elf.dir/Core/Src/stm32f1xx_hal_msp.c.obj
 .ARM.attributes
                0x000000fe       0x2d CMakeFiles/Motor.elf.dir/Core/Src/stm32f1xx_it.c.obj
 .ARM.attributes
                0x0000012b       0x2d CMakeFiles/Motor.elf.dir/Core/Src/system_stm32f1xx.c.obj
 .ARM.attributes
                0x00000158       0x2d CMakeFiles/Motor.elf.dir/Core/Src/tim.c.obj
 .ARM.attributes
                0x00000185       0x21 CMakeFiles/Motor.elf.dir/Core/Startup/startup_stm32f103zetx.s.obj
 .ARM.attributes
                0x000001a6       0x2d CMakeFiles/Motor.elf.dir/Drivers/STM32F1xx_HAL_Driver/Src/stm32f1xx_hal.c.obj
 .ARM.attributes
                0x000001d3       0x2d CMakeFiles/Motor.elf.dir/Drivers/STM32F1xx_HAL_Driver/Src/stm32f1xx_hal_cortex.c.obj
 .ARM.attributes
                0x00000200       0x2d CMakeFiles/Motor.elf.dir/Drivers/STM32F1xx_HAL_Driver/Src/stm32f1xx_hal_gpio.c.obj
 .ARM.attributes
                0x0000022d       0x2d CMakeFiles/Motor.elf.dir/Drivers/STM32F1xx_HAL_Driver/Src/stm32f1xx_hal_rcc.c.obj
 .ARM.attributes
                0x0000025a       0x2d CMakeFiles/Motor.elf.dir/Drivers/STM32F1xx_HAL_Driver/Src/stm32f1xx_hal_tim.c.obj
 .ARM.attributes
                0x00000287       0x2d CMakeFiles/Motor.elf.dir/Drivers/STM32F1xx_HAL_Driver/Src/stm32f1xx_hal_tim_ex.c.obj
 .ARM.attributes
                0x000002b4       0x2d c:/mingw/gcc-arm-none-eabi-10.3-2021.10/bin/../lib/gcc/arm-none-eabi/10.3.1/../../../../arm-none-eabi/lib/thumb/v7-m/nofp\libg.a(lib_a-impure.o)
 .ARM.attributes
                0x000002e1       0x2d c:/mingw/gcc-arm-none-eabi-10.3-2021.10/bin/../lib/gcc/arm-none-eabi/10.3.1/../../../../arm-none-eabi/lib/thumb/v7-m/nofp\libg.a(lib_a-init.o)
 .ARM.attributes
                0x0000030e       0x2d c:/mingw/gcc-arm-none-eabi-10.3-2021.10/bin/../lib/gcc/arm-none-eabi/10.3.1/../../../../arm-none-eabi/lib/thumb/v7-m/nofp\libg.a(lib_a-memset.o)
 .ARM.attributes
                0x0000033b       0x2d c:/mingw/gcc-arm-none-eabi-10.3-2021.10/bin/../lib/gcc/arm-none-eabi/10.3.1/../../../../arm-none-eabi/lib/thumb/v7-m/nofp\libg.a(lib_a-__call_atexit.o)
 .ARM.attributes
                0x00000368       0x2d c:/mingw/gcc-arm-none-eabi-10.3-2021.10/bin/../lib/gcc/arm-none-eabi/10.3.1/../../../../arm-none-eabi/lib/thumb/v7-m/nofp\libg.a(lib_a-atexit.o)
 .ARM.attributes
                0x00000395       0x2d c:/mingw/gcc-arm-none-eabi-10.3-2021.10/bin/../lib/gcc/arm-none-eabi/10.3.1/../../../../arm-none-eabi/lib/thumb/v7-m/nofp\libg.a(lib_a-fini.o)
 .ARM.attributes
                0x000003c2       0x2d c:/mingw/gcc-arm-none-eabi-10.3-2021.10/bin/../lib/gcc/arm-none-eabi/10.3.1/../../../../arm-none-eabi/lib/thumb/v7-m/nofp\libg.a(lib_a-lock.o)
 .ARM.attributes
                0x000003ef       0x2d c:/mingw/gcc-arm-none-eabi-10.3-2021.10/bin/../lib/gcc/arm-none-eabi/10.3.1/../../../../arm-none-eabi/lib/thumb/v7-m/nofp\libg.a(lib_a-__atexit.o)
 .ARM.attributes
                0x0000041c       0x1d c:/mingw/gcc-arm-none-eabi-10.3-2021.10/bin/../lib/gcc/arm-none-eabi/10.3.1/thumb/v7-m/nofp/crtn.o
OUTPUT(Motor.elf elf32-littlearm)
LOAD linker stubs
LOAD c:/mingw/gcc-arm-none-eabi-10.3-2021.10/bin/../lib/gcc/arm-none-eabi/10.3.1/../../../../arm-none-eabi/lib/thumb/v7-m/nofp\libc.a
LOAD c:/mingw/gcc-arm-none-eabi-10.3-2021.10/bin/../lib/gcc/arm-none-eabi/10.3.1/../../../../arm-none-eabi/lib/thumb/v7-m/nofp\libm.a
LOAD c:/mingw/gcc-arm-none-eabi-10.3-2021.10/bin/../lib/gcc/arm-none-eabi/10.3.1/thumb/v7-m/nofp\libgcc.a

.debug_info     0x00000000     0xa7a0
 .debug_info    0x00000000      0x671 CMakeFiles/Motor.elf.dir/Core/Src/TB6600.c.obj
 .debug_info    0x00000671      0x2d6 CMakeFiles/Motor.elf.dir/Core/Src/gpio.c.obj
 .debug_info    0x00000947      0x8ba CMakeFiles/Motor.elf.dir/Core/Src/main.c.obj
 .debug_info    0x00001201      0x211 CMakeFiles/Motor.elf.dir/Core/Src/stm32f1xx_hal_msp.c.obj
 .debug_info    0x00001412      0x6fa CMakeFiles/Motor.elf.dir/Core/Src/stm32f1xx_it.c.obj
 .debug_info    0x00001b0c      0x248 CMakeFiles/Motor.elf.dir/Core/Src/system_stm32f1xx.c.obj
 .debug_info    0x00001d54      0xe9e CMakeFiles/Motor.elf.dir/Core/Src/tim.c.obj
 .debug_info    0x00002bf2       0x22 CMakeFiles/Motor.elf.dir/Core/Startup/startup_stm32f103zetx.s.obj
 .debug_info    0x00002c14      0x80e CMakeFiles/Motor.elf.dir/Drivers/STM32F1xx_HAL_Driver/Src/stm32f1xx_hal.c.obj
 .debug_info    0x00003422      0xdf0 CMakeFiles/Motor.elf.dir/Drivers/STM32F1xx_HAL_Driver/Src/stm32f1xx_hal_cortex.c.obj
 .debug_info    0x00004212      0x66f CMakeFiles/Motor.elf.dir/Drivers/STM32F1xx_HAL_Driver/Src/stm32f1xx_hal_gpio.c.obj
 .debug_info    0x00004881      0xa36 CMakeFiles/Motor.elf.dir/Drivers/STM32F1xx_HAL_Driver/Src/stm32f1xx_hal_rcc.c.obj
 .debug_info    0x000052b7     0x3b00 CMakeFiles/Motor.elf.dir/Drivers/STM32F1xx_HAL_Driver/Src/stm32f1xx_hal_tim.c.obj
 .debug_info    0x00008db7     0x19e9 CMakeFiles/Motor.elf.dir/Drivers/STM32F1xx_HAL_Driver/Src/stm32f1xx_hal_tim_ex.c.obj

.debug_abbrev   0x00000000     0x187b
 .debug_abbrev  0x00000000      0x16c CMakeFiles/Motor.elf.dir/Core/Src/TB6600.c.obj
 .debug_abbrev  0x0000016c      0x13c CMakeFiles/Motor.elf.dir/Core/Src/gpio.c.obj
 .debug_abbrev  0x000002a8      0x1fd CMakeFiles/Motor.elf.dir/Core/Src/main.c.obj
 .debug_abbrev  0x000004a5       0xe5 CMakeFiles/Motor.elf.dir/Core/Src/stm32f1xx_hal_msp.c.obj
 .debug_abbrev  0x0000058a      0x179 CMakeFiles/Motor.elf.dir/Core/Src/stm32f1xx_it.c.obj
 .debug_abbrev  0x00000703      0x13e CMakeFiles/Motor.elf.dir/Core/Src/system_stm32f1xx.c.obj
 .debug_abbrev  0x00000841      0x214 CMakeFiles/Motor.elf.dir/Core/Src/tim.c.obj
 .debug_abbrev  0x00000a55       0x12 CMakeFiles/Motor.elf.dir/Core/Startup/startup_stm32f103zetx.s.obj
 .debug_abbrev  0x00000a67      0x1f4 CMakeFiles/Motor.elf.dir/Drivers/STM32F1xx_HAL_Driver/Src/stm32f1xx_hal.c.obj
 .debug_abbrev  0x00000c5b      0x341 CMakeFiles/Motor.elf.dir/Drivers/STM32F1xx_HAL_Driver/Src/stm32f1xx_hal_cortex.c.obj
 .debug_abbrev  0x00000f9c      0x1e6 CMakeFiles/Motor.elf.dir/Drivers/STM32F1xx_HAL_Driver/Src/stm32f1xx_hal_gpio.c.obj
 .debug_abbrev  0x00001182      0x27a CMakeFiles/Motor.elf.dir/Drivers/STM32F1xx_HAL_Driver/Src/stm32f1xx_hal_rcc.c.obj
 .debug_abbrev  0x000013fc      0x23e CMakeFiles/Motor.elf.dir/Drivers/STM32F1xx_HAL_Driver/Src/stm32f1xx_hal_tim.c.obj
 .debug_abbrev  0x0000163a      0x241 CMakeFiles/Motor.elf.dir/Drivers/STM32F1xx_HAL_Driver/Src/stm32f1xx_hal_tim_ex.c.obj

.debug_aranges  0x00000000      0x910
 .debug_aranges
                0x00000000       0x20 CMakeFiles/Motor.elf.dir/Core/Src/TB6600.c.obj
 .debug_aranges
                0x00000020       0x20 CMakeFiles/Motor.elf.dir/Core/Src/gpio.c.obj
 .debug_aranges
                0x00000040       0x30 CMakeFiles/Motor.elf.dir/Core/Src/main.c.obj
 .debug_aranges
                0x00000070       0x20 CMakeFiles/Motor.elf.dir/Core/Src/stm32f1xx_hal_msp.c.obj
 .debug_aranges
                0x00000090       0x68 CMakeFiles/Motor.elf.dir/Core/Src/stm32f1xx_it.c.obj
 .debug_aranges
                0x000000f8       0x28 CMakeFiles/Motor.elf.dir/Core/Src/system_stm32f1xx.c.obj
 .debug_aranges
                0x00000120       0x38 CMakeFiles/Motor.elf.dir/Core/Src/tim.c.obj
 .debug_aranges
                0x00000158       0x28 CMakeFiles/Motor.elf.dir/Core/Startup/startup_stm32f103zetx.s.obj
 .debug_aranges
                0x00000180       0xe0 CMakeFiles/Motor.elf.dir/Drivers/STM32F1xx_HAL_Driver/Src/stm32f1xx_hal.c.obj
 .debug_aranges
                0x00000260       0x90 CMakeFiles/Motor.elf.dir/Drivers/STM32F1xx_HAL_Driver/Src/stm32f1xx_hal_cortex.c.obj
 .debug_aranges
                0x000002f0       0x58 CMakeFiles/Motor.elf.dir/Drivers/STM32F1xx_HAL_Driver/Src/stm32f1xx_hal_gpio.c.obj
 .debug_aranges
                0x00000348       0x90 CMakeFiles/Motor.elf.dir/Drivers/STM32F1xx_HAL_Driver/Src/stm32f1xx_hal_rcc.c.obj
 .debug_aranges
                0x000003d8      0x3d0 CMakeFiles/Motor.elf.dir/Drivers/STM32F1xx_HAL_Driver/Src/stm32f1xx_hal_tim.c.obj
 .debug_aranges
                0x000007a8      0x168 CMakeFiles/Motor.elf.dir/Drivers/STM32F1xx_HAL_Driver/Src/stm32f1xx_hal_tim_ex.c.obj

.debug_ranges   0x00000000      0x8b8
 .debug_ranges  0x00000000       0x10 CMakeFiles/Motor.elf.dir/Core/Src/TB6600.c.obj
 .debug_ranges  0x00000010       0x10 CMakeFiles/Motor.elf.dir/Core/Src/gpio.c.obj
 .debug_ranges  0x00000020       0x20 CMakeFiles/Motor.elf.dir/Core/Src/main.c.obj
 .debug_ranges  0x00000040       0x10 CMakeFiles/Motor.elf.dir/Core/Src/stm32f1xx_hal_msp.c.obj
 .debug_ranges  0x00000050       0x58 CMakeFiles/Motor.elf.dir/Core/Src/stm32f1xx_it.c.obj
 .debug_ranges  0x000000a8       0x18 CMakeFiles/Motor.elf.dir/Core/Src/system_stm32f1xx.c.obj
 .debug_ranges  0x000000c0       0x28 CMakeFiles/Motor.elf.dir/Core/Src/tim.c.obj
 .debug_ranges  0x000000e8       0x20 CMakeFiles/Motor.elf.dir/Core/Startup/startup_stm32f103zetx.s.obj
 .debug_ranges  0x00000108       0xd0 CMakeFiles/Motor.elf.dir/Drivers/STM32F1xx_HAL_Driver/Src/stm32f1xx_hal.c.obj
 .debug_ranges  0x000001d8       0xe0 CMakeFiles/Motor.elf.dir/Drivers/STM32F1xx_HAL_Driver/Src/stm32f1xx_hal_cortex.c.obj
 .debug_ranges  0x000002b8       0x48 CMakeFiles/Motor.elf.dir/Drivers/STM32F1xx_HAL_Driver/Src/stm32f1xx_hal_gpio.c.obj
 .debug_ranges  0x00000300       0xa0 CMakeFiles/Motor.elf.dir/Drivers/STM32F1xx_HAL_Driver/Src/stm32f1xx_hal_rcc.c.obj
 .debug_ranges  0x000003a0      0x3c0 CMakeFiles/Motor.elf.dir/Drivers/STM32F1xx_HAL_Driver/Src/stm32f1xx_hal_tim.c.obj
 .debug_ranges  0x00000760      0x158 CMakeFiles/Motor.elf.dir/Drivers/STM32F1xx_HAL_Driver/Src/stm32f1xx_hal_tim_ex.c.obj

.debug_line     0x00000000     0x91d5
 .debug_line    0x00000000      0x1e6 CMakeFiles/Motor.elf.dir/Core/Src/TB6600.c.obj
 .debug_line    0x000001e6      0x1b5 CMakeFiles/Motor.elf.dir/Core/Src/gpio.c.obj
 .debug_line    0x0000039b      0x32d CMakeFiles/Motor.elf.dir/Core/Src/main.c.obj
 .debug_line    0x000006c8      0x15c CMakeFiles/Motor.elf.dir/Core/Src/stm32f1xx_hal_msp.c.obj
 .debug_line    0x00000824      0x2d4 CMakeFiles/Motor.elf.dir/Core/Src/stm32f1xx_it.c.obj
 .debug_line    0x00000af8      0x226 CMakeFiles/Motor.elf.dir/Core/Src/system_stm32f1xx.c.obj
 .debug_line    0x00000d1e      0x41e CMakeFiles/Motor.elf.dir/Core/Src/tim.c.obj
 .debug_line    0x0000113c       0x8d CMakeFiles/Motor.elf.dir/Core/Startup/startup_stm32f103zetx.s.obj
 .debug_line    0x000011c9      0x520 CMakeFiles/Motor.elf.dir/Drivers/STM32F1xx_HAL_Driver/Src/stm32f1xx_hal.c.obj
 .debug_line    0x000016e9      0x622 CMakeFiles/Motor.elf.dir/Drivers/STM32F1xx_HAL_Driver/Src/stm32f1xx_hal_cortex.c.obj
 .debug_line    0x00001d0b      0x5e0 CMakeFiles/Motor.elf.dir/Drivers/STM32F1xx_HAL_Driver/Src/stm32f1xx_hal_gpio.c.obj
 .debug_line    0x000022eb      0xc15 CMakeFiles/Motor.elf.dir/Drivers/STM32F1xx_HAL_Driver/Src/stm32f1xx_hal_rcc.c.obj
 .debug_line    0x00002f00     0x4726 CMakeFiles/Motor.elf.dir/Drivers/STM32F1xx_HAL_Driver/Src/stm32f1xx_hal_tim.c.obj
 .debug_line    0x00007626     0x1baf CMakeFiles/Motor.elf.dir/Drivers/STM32F1xx_HAL_Driver/Src/stm32f1xx_hal_tim_ex.c.obj

.debug_str      0x00000000     0x2d72
 .debug_str     0x00000000      0x5ea CMakeFiles/Motor.elf.dir/Core/Src/TB6600.c.obj
                                0x696 (size before relaxing)
 .debug_str     0x000005ea       0xeb CMakeFiles/Motor.elf.dir/Core/Src/gpio.c.obj
                                0x287 (size before relaxing)
 .debug_str     0x000006d5      0x1e4 CMakeFiles/Motor.elf.dir/Core/Src/main.c.obj
                                0x835 (size before relaxing)
 .debug_str     0x000008b9       0x60 CMakeFiles/Motor.elf.dir/Core/Src/stm32f1xx_hal_msp.c.obj
                                0x229 (size before relaxing)
 .debug_str     0x00000919       0xe3 CMakeFiles/Motor.elf.dir/Core/Src/stm32f1xx_it.c.obj
                                0x720 (size before relaxing)
 .debug_str     0x000009fc       0x8e CMakeFiles/Motor.elf.dir/Core/Src/system_stm32f1xx.c.obj
                                0x25e (size before relaxing)
 .debug_str     0x00000a8a      0x695 CMakeFiles/Motor.elf.dir/Core/Src/tim.c.obj
                                0xe19 (size before relaxing)
 .debug_str     0x0000111f       0x3c CMakeFiles/Motor.elf.dir/Core/Startup/startup_stm32f103zetx.s.obj
                                 0x57 (size before relaxing)
 .debug_str     0x0000115b      0x314 CMakeFiles/Motor.elf.dir/Drivers/STM32F1xx_HAL_Driver/Src/stm32f1xx_hal.c.obj
                                0x912 (size before relaxing)
 .debug_str     0x0000146f      0x3a4 CMakeFiles/Motor.elf.dir/Drivers/STM32F1xx_HAL_Driver/Src/stm32f1xx_hal_cortex.c.obj
                                0x9c1 (size before relaxing)
 .debug_str     0x00001813      0x130 CMakeFiles/Motor.elf.dir/Drivers/STM32F1xx_HAL_Driver/Src/stm32f1xx_hal_gpio.c.obj
                                0x40a (size before relaxing)
 .debug_str     0x00001943      0x1fa CMakeFiles/Motor.elf.dir/Drivers/STM32F1xx_HAL_Driver/Src/stm32f1xx_hal_rcc.c.obj
                                0x635 (size before relaxing)
 .debug_str     0x00001b3d      0xdbd CMakeFiles/Motor.elf.dir/Drivers/STM32F1xx_HAL_Driver/Src/stm32f1xx_hal_tim.c.obj
                               0x1642 (size before relaxing)
 .debug_str     0x000028fa      0x478 CMakeFiles/Motor.elf.dir/Drivers/STM32F1xx_HAL_Driver/Src/stm32f1xx_hal_tim_ex.c.obj
                                0xe43 (size before relaxing)

.comment        0x00000000       0x49
 .comment       0x00000000       0x49 CMakeFiles/Motor.elf.dir/Core/Src/TB6600.c.obj
                                 0x4a (size before relaxing)
 .comment       0x00000049       0x4a CMakeFiles/Motor.elf.dir/Core/Src/gpio.c.obj
 .comment       0x00000049       0x4a CMakeFiles/Motor.elf.dir/Core/Src/main.c.obj
 .comment       0x00000049       0x4a CMakeFiles/Motor.elf.dir/Core/Src/stm32f1xx_hal_msp.c.obj
 .comment       0x00000049       0x4a CMakeFiles/Motor.elf.dir/Core/Src/stm32f1xx_it.c.obj
 .comment       0x00000049       0x4a CMakeFiles/Motor.elf.dir/Core/Src/system_stm32f1xx.c.obj
 .comment       0x00000049       0x4a CMakeFiles/Motor.elf.dir/Core/Src/tim.c.obj
 .comment       0x00000049       0x4a CMakeFiles/Motor.elf.dir/Drivers/STM32F1xx_HAL_Driver/Src/stm32f1xx_hal.c.obj
 .comment       0x00000049       0x4a CMakeFiles/Motor.elf.dir/Drivers/STM32F1xx_HAL_Driver/Src/stm32f1xx_hal_cortex.c.obj
 .comment       0x00000049       0x4a CMakeFiles/Motor.elf.dir/Drivers/STM32F1xx_HAL_Driver/Src/stm32f1xx_hal_gpio.c.obj
 .comment       0x00000049       0x4a CMakeFiles/Motor.elf.dir/Drivers/STM32F1xx_HAL_Driver/Src/stm32f1xx_hal_rcc.c.obj
 .comment       0x00000049       0x4a CMakeFiles/Motor.elf.dir/Drivers/STM32F1xx_HAL_Driver/Src/stm32f1xx_hal_tim.c.obj
 .comment       0x00000049       0x4a CMakeFiles/Motor.elf.dir/Drivers/STM32F1xx_HAL_Driver/Src/stm32f1xx_hal_tim_ex.c.obj

.debug_frame    0x00000000     0x18a4
 .debug_frame   0x00000000       0x28 CMakeFiles/Motor.elf.dir/Core/Src/TB6600.c.obj
 .debug_frame   0x00000028       0x30 CMakeFiles/Motor.elf.dir/Core/Src/gpio.c.obj
 .debug_frame   0x00000058       0x58 CMakeFiles/Motor.elf.dir/Core/Src/main.c.obj
 .debug_frame   0x000000b0       0x28 CMakeFiles/Motor.elf.dir/Core/Src/stm32f1xx_hal_msp.c.obj
 .debug_frame   0x000000d8       0xc0 CMakeFiles/Motor.elf.dir/Core/Src/stm32f1xx_it.c.obj
 .debug_frame   0x00000198       0x30 CMakeFiles/Motor.elf.dir/Core/Src/system_stm32f1xx.c.obj
 .debug_frame   0x000001c8       0x88 CMakeFiles/Motor.elf.dir/Core/Src/tim.c.obj
 .debug_frame   0x00000250      0x1cc CMakeFiles/Motor.elf.dir/Drivers/STM32F1xx_HAL_Driver/Src/stm32f1xx_hal.c.obj
 .debug_frame   0x0000041c      0x118 CMakeFiles/Motor.elf.dir/Drivers/STM32F1xx_HAL_Driver/Src/stm32f1xx_hal_cortex.c.obj
 .debug_frame   0x00000534       0xe4 CMakeFiles/Motor.elf.dir/Drivers/STM32F1xx_HAL_Driver/Src/stm32f1xx_hal_gpio.c.obj
 .debug_frame   0x00000618      0x190 CMakeFiles/Motor.elf.dir/Drivers/STM32F1xx_HAL_Driver/Src/stm32f1xx_hal_rcc.c.obj
 .debug_frame   0x000007a8      0xb04 CMakeFiles/Motor.elf.dir/Drivers/STM32F1xx_HAL_Driver/Src/stm32f1xx_hal_tim.c.obj
 .debug_frame   0x000012ac      0x40c CMakeFiles/Motor.elf.dir/Drivers/STM32F1xx_HAL_Driver/Src/stm32f1xx_hal_tim_ex.c.obj
 .debug_frame   0x000016b8       0x2c c:/mingw/gcc-arm-none-eabi-10.3-2021.10/bin/../lib/gcc/arm-none-eabi/10.3.1/../../../../arm-none-eabi/lib/thumb/v7-m/nofp\libg.a(lib_a-init.o)
 .debug_frame   0x000016e4       0x2c c:/mingw/gcc-arm-none-eabi-10.3-2021.10/bin/../lib/gcc/arm-none-eabi/10.3.1/../../../../arm-none-eabi/lib/thumb/v7-m/nofp\libg.a(lib_a-memset.o)
 .debug_frame   0x00001710       0x5c c:/mingw/gcc-arm-none-eabi-10.3-2021.10/bin/../lib/gcc/arm-none-eabi/10.3.1/../../../../arm-none-eabi/lib/thumb/v7-m/nofp\libg.a(lib_a-__call_atexit.o)
 .debug_frame   0x0000176c       0x20 c:/mingw/gcc-arm-none-eabi-10.3-2021.10/bin/../lib/gcc/arm-none-eabi/10.3.1/../../../../arm-none-eabi/lib/thumb/v7-m/nofp\libg.a(lib_a-atexit.o)
 .debug_frame   0x0000178c       0x34 c:/mingw/gcc-arm-none-eabi-10.3-2021.10/bin/../lib/gcc/arm-none-eabi/10.3.1/../../../../arm-none-eabi/lib/thumb/v7-m/nofp\libg.a(lib_a-fini.o)
 .debug_frame   0x000017c0       0xb0 c:/mingw/gcc-arm-none-eabi-10.3-2021.10/bin/../lib/gcc/arm-none-eabi/10.3.1/../../../../arm-none-eabi/lib/thumb/v7-m/nofp\libg.a(lib_a-lock.o)
 .debug_frame   0x00001870       0x34 c:/mingw/gcc-arm-none-eabi-10.3-2021.10/bin/../lib/gcc/arm-none-eabi/10.3.1/../../../../arm-none-eabi/lib/thumb/v7-m/nofp\libg.a(lib_a-__atexit.o)

.debug_loc      0x00000000     0x7782
 .debug_loc     0x00000000       0x15 CMakeFiles/Motor.elf.dir/Core/Src/stm32f1xx_hal_msp.c.obj
 .debug_loc     0x00000015       0xff CMakeFiles/Motor.elf.dir/Core/Src/system_stm32f1xx.c.obj
 .debug_loc     0x00000114       0xf5 CMakeFiles/Motor.elf.dir/Core/Src/tim.c.obj
 .debug_loc     0x00000209      0x141 CMakeFiles/Motor.elf.dir/Drivers/STM32F1xx_HAL_Driver/Src/stm32f1xx_hal.c.obj
 .debug_loc     0x0000034a      0x71f CMakeFiles/Motor.elf.dir/Drivers/STM32F1xx_HAL_Driver/Src/stm32f1xx_hal_cortex.c.obj
 .debug_loc     0x00000a69      0x47d CMakeFiles/Motor.elf.dir/Drivers/STM32F1xx_HAL_Driver/Src/stm32f1xx_hal_gpio.c.obj
 .debug_loc     0x00000ee6      0x63e CMakeFiles/Motor.elf.dir/Drivers/STM32F1xx_HAL_Driver/Src/stm32f1xx_hal_rcc.c.obj
 .debug_loc     0x00001524     0x474c CMakeFiles/Motor.elf.dir/Drivers/STM32F1xx_HAL_Driver/Src/stm32f1xx_hal_tim.c.obj
 .debug_loc     0x00005c70     0x1b12 CMakeFiles/Motor.elf.dir/Drivers/STM32F1xx_HAL_Driver/Src/stm32f1xx_hal_tim_ex.c.obj
